            --------------------------------------------------------
                             AMBER SQM VERSION 19
 
                                     By
              Ross C. Walker, Michael F. Crowley, Scott Brozell,
                         Tim Giese, Andreas W. Goetz,
                        Tai-Sung Lee and David A. Case
 
            --------------------------------------------------------
 

--------------------------------------------------------------------------------
  QM CALCULATION INFO
--------------------------------------------------------------------------------

| QMMM: Citation for AMBER QMMM Run:
| QMMM: R.C. Walker, M.F. Crowley and D.A. Case, J. COMP. CHEM. 29:1019, 2008

QMMM: SINGLET STATE CALCULATION
QMMM: RHF CALCULATION, NO. OF DOUBLY OCCUPIED LEVELS = 77

| QMMM: *** Selected Hamiltonian *** 
| QMMM: AM1         

| QMMM: *** Parameter sets in use ***
| QMMM: O : M.J.S.DEWAR et al. JACS, 107, 3902, (1985)
| QMMM: C : M.J.S.DEWAR et al. JACS, 107, 3902, (1985)
| QMMM: N : M.J.S.DEWAR et al. JACS, 107, 3902, (1985)
| QMMM: H : M.J.S.DEWAR et al. JACS, 107, 3902, (1985)

| QMMM: *** SCF convergence criteria ***
| QMMM: Energy change                :  0.1D-09 kcal/mol
| QMMM: Error matrix |FP-PF|         :  0.1D+00 au
| QMMM: Density matrix change        :  0.5D-06
| QMMM: Maximum number of SCF cycles :     1000

| QMMM: *** Diagonalization Routine Information ***
| QMMM: Pseudo diagonalizations are allowed.
| QMMM: Auto diagonalization routine selection is in use.
| QMMM:
| QMMM: Timing diagonalization routines:
| QMMM:                              norbs =      147
| QMMM:    diag iterations used for timing =       10
| QMMM:
| QMMM:              Internal diag routine = 0.296324 seconds
| QMMM:                 Dspev diag routine = ******** seconds
| QMMM:                Dspevd diag routine = ******** seconds
| QMMM:                Dspevx diag routine = ******** seconds
| QMMM:                 Dsyev diag routine = 2.086244 seconds
| QMMM:                Dsyevd diag routine = 1.021639 seconds
| QMMM:                Dsyevr diag routine = 3.608805 seconds
| QMMM:
| QMMM:                Pseudo diag routine = 0.052784 seconds
| QMMM:
| QMMM: Using internal diagonalization routine (diag_routine=1).

  QMMM: QM Region Cartesian Coordinates (*=link atom) 
  QMMM: QM_NO.   MM_NO.  ATOM         X         Y         Z
  QMMM:     1        1      O        6.5530   -0.7940    0.6910
  QMMM:     2        2      C        6.0930    0.3170    0.4850
  QMMM:     3        3      N        4.7450    0.4880    0.3090
  QMMM:     4        4      C        3.7080   -0.5090    0.3760
  QMMM:     5        5      C        2.3980   -0.0700    0.1430
  QMMM:     6        6      C        1.3200   -0.9370    0.2180
  QMMM:     7        7      N        0.0750   -0.4530    0.0130
  QMMM:     8        8      C       -1.0240   -1.2340    0.1110
  QMMM:     9        9      C       -0.9000   -2.6010    0.4230
  QMMM:    10       10      C       -2.0620   -3.3780    0.5580
  QMMM:    11       11      C       -3.3280   -2.7850    0.4010
  QMMM:    12       12      C       -3.4480   -1.4170    0.0780
  QMMM:    13       13      N       -4.7500   -0.8100   -0.0010
  QMMM:    14       14      C       -5.0120    0.3760   -0.6460
  QMMM:    15       15      O       -4.1730    0.8680   -1.3860
  QMMM:    16       16      C       -6.3060    1.1110   -0.4770
  QMMM:    17       17      C       -7.2700    0.7410    0.4870
  QMMM:    18       18      C       -8.4300    1.5060    0.6560
  QMMM:    19       19      C       -8.6480    2.6390   -0.1280
  QMMM:    20       20      C       -7.7090    3.0140   -1.0870
  QMMM:    21       21      C       -6.5460    2.2620   -1.2610
  QMMM:    22       22      C       -2.2720   -0.6570   -0.0650
  QMMM:    23       23      C        0.3870   -3.1390    0.6210
  QMMM:    24       24      C        1.5120   -2.2950    0.5260
  QMMM:    25       25      C        2.8160   -2.7650    0.7490
  QMMM:    26       26      C        3.9110   -1.8830    0.6790
  QMMM:    27       27      C        7.0460    1.4860    0.4240
  QMMM:    28       28      C        8.4340    1.2470    0.5220
  QMMM:    29       29      C        9.3480    2.3050    0.4730
  QMMM:    30       30      C        8.8980    3.6160    0.3290
  QMMM:    31       31      C        7.5340    3.8770    0.2350
  QMMM:    32       32      C        6.6100    2.8290    0.2810
  QMMM:    33       33      H        4.4110    1.4350    0.1090
  QMMM:    34       34      H        2.2110    0.9730   -0.0870
  QMMM:    35       35      H       -1.9930   -4.4300    0.8080
  QMMM:    36       36      H       -4.2170   -3.3900    0.5350
  QMMM:    37       37      H       -5.5120   -1.2960    0.4860
  QMMM:    38       38      H       -7.1320   -0.1110    1.1320
  QMMM:    39       39      H       -9.1560    1.2240    1.4070
  QMMM:    40       40      H       -9.5420    3.2320    0.0120
  QMMM:    41       41      H       -7.8750    3.8970   -1.6920
  QMMM:    42       42      H       -5.8260    2.5850   -2.0030
  QMMM:    43       43      H       -2.2950    0.4030   -0.2550
  QMMM:    44       44      H        0.5090   -4.1870    0.8690
  QMMM:    45       45      H        2.9860   -3.8070    0.9920
  QMMM:    46       46      H        4.8830   -2.2970    0.8750
  QMMM:    47       47      H        8.8130    0.2400    0.6350
  QMMM:    48       48      H       10.4090    2.1060    0.5470
  QMMM:    49       49      H        9.6070    4.4330    0.2930
  QMMM:    50       50      H        7.1860    4.8970    0.1270
  QMMM:    51       51      H        5.5710    3.1010    0.2090

--------------------------------------------------------------------------------
  RESULTS
--------------------------------------------------------------------------------

      iter         sqm energy              rms gradient
      ----    -------------------    -----------------------
xmin    10       76.1920 kcal/mol        0.9541 kcal/(mol*A)
xmin    20       74.1848 kcal/mol        1.1033 kcal/(mol*A)
xmin    30       73.5080 kcal/mol        0.5059 kcal/(mol*A)
xmin    40       73.1622 kcal/mol        0.2249 kcal/(mol*A)
xmin    50       73.0483 kcal/mol        0.3121 kcal/(mol*A)
xmin    60       72.9522 kcal/mol        0.5410 kcal/(mol*A)
xmin    70       72.8831 kcal/mol        0.1758  QMMM:    63       63      H       -4.3620   -2.0940    2.7360
  QMMM:    64       64      H       -2.9300   -2.5120    3.7200
  QMMM:    65       65      H       -2.7910    1.9830   -0.9840
  QMMM:    66       66      H        3.6390    5.3590   -1.1800
  QMMM:    67       67      H        3.4360    4.9860    2.3120
  QMMM:    68       68      H        0.7460    2.4170    5.0450
  QMMM:    69       69      H        2.5330    2.4240    5.1530
  QMMM:    70       70      H        0.9220    1.3470    2.7530
  QMMM:    71       71      H        1.6710    0.3440    3.9870
  QMMM:    72       72      H        3.9360    0.9240    3.3090
  QMMM:    73       73      H        3.3850    2.3130    2.3740
  QMMM:    74       74      H        3.973xmin   200       72.7780 kcal/mol        0.0616 kcal/(mol*A)
xmin   210       72.7735 kcal/mol        0.0228 kcal/(mol*A)
xmin   220       72.7724 kcal/mol        0.0411 kcal/(mol*A)
xmin   230       72.7714 kcal/mol        0.0166 kcal/(mol*A)
xmin   240       72.7712 kcal/mol        0.0078 kcal/(mol*A)
xmin   250       72.8029 kcal/mol        0.2101 kcal/(mol*A)
xmin   260       72.7722 kcal/mol        0.0230 kcal/(mol*A)
xmin   270       72.7711 kcal/mol        0.0147 kcal/(mol*A)
xmin   280       72.7709 kcal/mol        0.0092 kcal/(mol*A)
xmin   290       72.7709 kcal/mol        0.0048 kcal/(mol*A)
xmin   300       72.7708 kcal/mol        0.0052 kcal/(mol*A)
xmin   310       72.7708 kcal/mol        0.0012 kcal/(mol*A)
xmin   320       72.7708 kcal/mol        0.0066 kcal/(mol*A)
xmin   330       72.7708 kcal/mol        0.0010 kcal/(mol*A)
xmin   340       72.7708 kcal/mol        0.0011 kcal/(mol*A)
  ... geometry converged !
 
 Final MO eigenvalues (eV):
 -41.2216  -40.7507  -40.4698  -39.3562  -38.8302  -38.0955  -36.7849  -35.3470
 -34.8752  -33.4261  -32.3864  -31.9131  -31.8509  -31.7848  -31.5172  -29.5419
 -29.3114  -26.2075  -25.4326  -24.2647  -23.9906  -23.5790  -23.5558  -23.0021
 -22.8018  -21.6924  -21.2316  -20.1410  -19.1980  -18.8434  -18.6451  -17.5544
 -17.3942  -17.3573  -17.1238  -16.6394  -xmin    20      -49.1300 kcal/mol        2.9376 kcal/(mol*A)
xmin    30     -105.7956 kcal/mol        1.9187 kcal/(mol*A)
xmin    40     -125.3314 kcal/mol        1.1478 kcal/(mol*A)
xmin    50     -131.8510 kcal/mol        1.5733 kcal/(mol*A)
xmin    60     -173.7780 kcal/mol       11.3855 kcal/(mol*A)
xmin    70     -212.1165 kcal/mol        1.3827 kcal/(mol*A)
xmin    80     -213.9891 kcal/mol        0.3570 kcal/(mol*A)
xmin    90     -215.5653 kcal/mol        0.6184 kcal/(mol*A)
xmin   100     -216.4270 kcal/mol        0.4913 kcal/(mol*A)
xmin   110     -216.5564 kcal/mol        0.1296 kcal/(mol*A)
xmin   120     -217.0161 kcal/mol        0.2165 kcal/(mol*A)
xmin   130     -217.1581 kcal/mol        0.1441 kcal/(mol*A)
xmin   140     -217.3919 kcal/mol        0.2766 kcal/(mol*A)
xmin   150     -217.4605 kcal/mol        0.2434 kcal/(mol*A)
xmin   160     -217.6055 kcal/mol        0.3070 kcal/(mol*A)
xmin   170     -217.7797 kcal/mol        0.1557 kcal/(mol*A)
xmin   180     -217.8347 kcal/mol        0.2536 kcal/(mol*A)
xmin   190     -218.0177 kcal/mol        0.1569 kcal/(mol*A)
xmin   200     -218.2311 kcal/mol        0.2914 kcal/(mol*A)
xmin   210     -218.3879 kcal/mol        0.3763 kcal/(mol*A)
xmin   220     -218.4753 kcal/mol        0.0828 kcal/(mol*A)
xmin   230     -215.3731 kcal/mol        3.4883 kcal/(mol*A)
xmin   240     -218.5686 kcal/mol        0.3507 kcal/(mol*A)
xmin   250     -218.6764 kcal/mol        0.1589 kcal/(mol*A)
xmin   260     -218.7758 kcal/mol        0.1410 kcal/(mol*A)
xmin   270     -218.8454 kcal/mol        0.1293 kcal/(mol*A)
xmin   280     -218.9144 kcal/mol        0.2246 kcal/(mol*A)
xmin   290     -218.9697 kcal/mol        0.1396 kcal/(mol*A)
xmin   300     -218.9950 kcal/mol        0.1247 kcal/(mol*A)
xmin   310     -219.0047 kcal/mol        0.0570 kcal/(mol*A)
xmin   320     -219.0447 kcal/mol        0.0996 kcal/(mol*A)
xmin   330     -219.1541 kcal/mol        0.1669 kcal/(mol*A)
xmin   340     -219.1865 kcal/mol        0.1258 kcal/(mol*A)
xmin   350     -219.2587 kcal/mol        0.1067 kcal/(mol*A)
xmin   360     -219.3021 kcal/mol        0.1487 kcal/(mol*A)
xmin   370     -219.3358 kcal/mol        0.1539 kcal/(mol*A)
xmin   380     -219.3596 kcal/mol        0.1214 kcal/(mol*A)
xmin   390     -219.3700 kcal/mol        0.0255 kcal/(mol*A)
xmin   400     -219.3840 kcal/mol        0.1324 kcal/(mol*A)
xmin   410     -219.4693 kcal/mol        0.1185 kcal/(mol*A)
xmin   420     -219.5593 kcal/mol        0.0830 kcal/(mol*A)
xmin   430     -219.6291 kcal/mol        0.1535 kcal/(mol*A)
xmin   440     -219.6550 kcal/mol        0.0710 kcal/(mol*A)
xmin   450     -219.6716 kcal/mol        0.2043 kcal/(mol*A)
xmin   460     -219.6968 kcal/mol        0.0474 kcal/(mol*A)
xmin   470     -219.7032 kcal/mol        0.0612 kcal/(mol*A)
xmin   480     -219.7071 kcal/mol        0.0201 kcal/(mol*A)
xmin   490     -219.7138 kcal/mol        0.0223 kcal/(mol*A)
xmin   500     -219.7211 kcal/mol        0.0314 kcal/(mol*A)
xmin   510     -219.7277 kcal/mol        0.0221 kcal/(mol*A)
xmin   520     -219.7503 kcal/mol        0.0360 kcal/(mol*A)
xmin   530     -219.7655 kcal/mol        0.0359 kcal/(mol*A)
xmin   540     -219.7833 kcal/mol        0.0857 kcal/(mol*A)
xmin   550     -219.8054 kcal/mol        0.0364 kcal/(mol*A)
xmin   560     -219.8273 kcal/mol        0.1167 kcal/(mol*A)
xmin   570     -219.8777 kcal/mol        0.0849 kcal/(mol*A)
xmin   580     -219.9002 kcal/mol        0.0863 kcal/(mol*A)
xmin   590     -219.9234 kcal/mol        0.1083 kcal/(mol*A)
xmin   600     -219.9678 kcal/mol        0.1600 kcal/(mol*A)
xmin   610     -220.0178 kcal/mol        0.1431 kcal/(mol*A)
xmin   620     -220.0326 kcal/mol        0.0831 kcal/(mol*A)
xmin   630     -220.0666 kcal/mol        0.0882 kcal/(mol*A)
xmin   640     -220.1341 kcal/mol        0.1371 kcal/(mol*A)
xmin   650     -220.1702 kcal/mol        0.0582 kcal/(mol*A)
xmin   660     -220.1808 kcal/mol        0.0454 kcal/(mol*A)
xmin   670     -220.2124 kcal/mol        0.0639 kcal/(mol*A)
xmin   680     -220.2159 kcal/mol        0.0254 kcal/(mol*A)
xmin   690     -220.2173 kcal/mol        0.0236 kcal/(mol*A)
xmin   700     -220.2194 kcal/mol        0.0207 kcal/(mol*A)
xmin   710     -220.2211 kcal/mol        0.0279 kcal/(mol*A)
xmin   720     -220.2227 kcal/mol        0.0104 kcal/(mol*A)
xmin   730     -220.2237 kcal/mol        0.0051 kcal/(mol*A)
xmin   740     -220.2242 kcal/mol        0.0144 kcal/(mol*A)
xmin   750     -220.2249 kcal/mol        0.0297 kcal/(mol*A)
xmin   760     -220.2257 kcal/mol        0.0077 kcal/(mol*A)
xmin   770     -220.2263 kcal/mol        0.0059 kcal/(mol*A)
xmin   780     -220.2273 kcal/mol        0.0084 kcal/(mol*A)
xmin   790     -220.2284 kcal/mol        0.0125 kcal/(mol*A)
xmin   800     -220.2297 kcal/mol        0.0191 kcal/(mol*A)
xmin   810     -220.2215 kcal/mol        0.1933 kcal/(mol*A)
xmin   820     -220.2308 kcal/mol        0.0027 kcal/(mol*A)
xmin   830     -220.2310 kcal/mol        0.0044 kcal/(mol*A)
xmin   840     -220.2311 kcal/mol        0.0097 kcal/(mol*A)
xmin   850     -220.2312 kcal/mol        0.0025 kcal/(mol*A)
xmin   860     -220.2314 kcal/mol        0.0077 kcal/(mol*A)
xmin   870     -220.2316 kcal/mol        0.0038 kcal/(mol*A)
xmin   880     -220.2317 kcal/mol        0.0145 kcal/(mol*A)
xmin   890     -220.2319 kcal/mol        0.0080 kcal/(mol*A)
xmin   900     -220.2321 kcal/mol        0.0033 kcal/(mol*A)
xmin   910     -220.2324 kcal/mol        0.0156 kcal/(mol*A)
xmin   920     -220.2311 kcal/mol        0.1611 kcal/(mol*A)
xmin   930     -220.2329 kcal/mol        0.0040 kcal/(mol*A)
xmin   940     -220.2330 kcal/mol        0.0041 kcal/(mol*A)
xmin   950     -220.2332 kcal/mol        0.0058 kcal/(mol*A)
xmin   960     -220.2332 kcal/mol        0.0021 kcal/(mol*A)
xmin   970     -220.2333 kcal/mol        0.0022 kcal/(mol*A)
xmin   980     -220.2333 kcal/mol        0.0025 kcal/(mol*A)
xmin   990     -220.2333 kcal/mol        0.0027 kcal/(mol*A)
xmin  1000     -220.2334 kcal/mol        0.0067 kcal/(mol*A)
xmin  1010     -220.2335 kcal/mol        0.0026 kcal/(mol*A)
xmin  1020     -220.2336 kcal/mol        0.0017 kcal/(mol*A)
xmin  1030     -220.2336 kcal/mol        0.0036 kcal/(mol*A)
xmin  1040     -220.2338 kcal/mol        0.0019 kcal/(mol*A)
xmin  1050     -220.2338 kcal/mol        0.0016 kcal/(mol*A)
xmin  1060     -220.2338 kcal/mol        0.0028 kcal/(mol*A)
xmin  1070     -220.2339 kcal/mol        0.0011 kcal/(mol*A)
xmin  1080     -220.2339 kcal/mol        0.0011 kcal/(mol*A)
xmin  1090     -220.2339 kcal/mol        0.0005 kcal/(mol*A)
xmin  1100     -220.2339 kcal/mol        0.0008 kcal/(mol*A)
xmin  1110     -220.2339 kcal/mol        0.0026 kcal/(mol*A)
xmin  1120     -220.2339 kcal/mol        0.0012 kcal/(mol*A)
xmin  1130     -220.2339 kcal/mol        0.0009 kcal/(mol*A)
xmin  1130     -220.2339 kcal/mol        0.0005 kcal/(mol*A)
  ... geometry converged !
 
 Final MO eigenvalues (eV):
 -42.3088  -40.9168  -40.2996  -39.8122  -39.1191  -38.9095  -37.9345  -37.3969
 -36.9062  -36.7296  -35.9863  -34.9384  -33.3385  -33.1146  -32.3126  -31.3374
 -30.5451  -30.0685  -29.7483  -28.1847  -27.9950  -27.9517  -27.9003  -27.7853
 -26.2408  -26.0657  -25.1648  -24.9207  -23.6744  -23.1354  -22.9131  -22.1724
 -21.6264  -21.4747  -21.0940  -20.9434  -20.2554  -20.0126  -19.2809  -18.3664
 -18.1355  -17.4851  -17.3747  -17.3015  -17.1639  -17.0783  -17.0159  -16.8168
 -16.6096  -16.5731  -16.3711  -16.2574  -16.1777  -15.7941  -15.7217  -15.4801
 -15.3000  -15.1939  -15.0550  -14.9936  -14.9823  -14.9175  -14.7517  -14.6715
 -14.6616  -14.5645  -14.3870  -14.2405  -14.1374  -14.0622  -13.8978  -13.8188
 -13.5821  -13.4982  -13.4511  -13.3697  -13.2644  -13.2128  -13.1158  -12.9898
 -12.8868  -12.8544  -12.7541  -12.6725  -12.6124  -12.5546  -12.5170  -12.4491
 -12.4215  -12.1929  -12.1415  -12.1051  -12.0053  -11.9827  -11.9544  -11.7344
 -11.6862  -11.6483  -11.5288  -11.4268  -11.3644  -11.2578  -10.7180   -9.8675
  -9.8395   -9.5722   -9.3883   -9.3704   -9.0703   -0.6624   -0.2398    0.0599
   0.3743    1.4206    1.4494    1.9762    2.0465    2.2748    2.7359    2.8277
   2.9360    3.0443    3.2070    3.2189    3.2509    3.3753    3.4668    3.4903
   3.5053    3.5337    3.5953    3.6544    3.6607    3.6769    3.6809    3.7587
   3.7636    3.7893    3.8128    3.8237    3.8430    3.8444    3.8926    3.9192
   3.9765    4.0332    4.1012    4.1071    4.1632    4.1774    4.2012    4.2663
   4.2891    4.3056    4.3300    4.3561    4.3672    4.4093    4.4328    4.4505
   4.4712    4.4992    4.5032    4.5082    4.5458    4.5865    4.6164    4.6249
   4.6346    4.6415    4.6535    4.6793    4.7323    4.7608    4.7738    4.7873
   4.8024    4.8221    4.8471    4.8556    4.8669    4.8755    4.8830    4.9223
   4.9572    4.9630    4.9709    4.9875    5.0530    5.0598    5.0659    5.0944
   5.1002    5.1887    5.1921    5.3304    5.3476    5.9351    6.0382    6.0792
   6.1352    6.1777    6.2629    6.3176    6.3821    6.5301

 Heat of formation   =       -220.23388721 kcal/mol  (       -9.55005799 eV)

 Total SCF energy    =    -156897.82092970 kcal/mol  (    -6803.60005766 eV)
 Electronic energy   =   -1525579.96445002 kcal/mol  (   -66154.11146308 eV)
 Core-core repulsion =    1368682.14352032 kcal/mol  (    59350.51140542 eV)
 
    Atomic Charges for Step       1 :
  Atom    Element       Mulliken Charge
     1      C                 -0.190
     2      C                  0.059
     3      C                 -0.206
     4      C                  0.149
     5      O                 -0.206
     6      C                 -0.026
     7      C                 -0.163
     8      C                 -0.157
     9      C                 -0.170
    10      C                 -0.077
    11      N                 -0.349
    12      C                 -0.113
    13      C                 -0.207
    14      C                 -0.212
    15      C                 -0.208
    16      C                 -0.257
    17      C                  0.150
    18      C                 -0.232
    19      C                  0.346
    20      O                 -0.359
    21      C                 -0.314
    22      C                  0.214
    23      O                 -0.251
    24      C                 -0.246
    25      C                  0.175
    26      O                 -0.202
    27      C                 -0.025
    28      C                 -0.193
    29      C                 -0.153
    30      C                 -0.194
    31      C                 -0.074
    32      N                 -0.295
    33      C                  0.024
    34      C                 -0.201
    35      C                 -0.242
    36      C                 -0.210
    37      C                 -0.287
    38      C                  0.178
    39      O                 -0.134
    40      H                  0.081
    41      H                  0.111
    42      H                  0.111
    43      H                  0.158
    44      H                  0.083
    45      H                  0.086
    46      H                  0.099
    47      H                  0.100
    48      H                  0.089
    49      H                  0.080
    50      H                  0.082
    51      H                  0.099
    52      H                  0.090
    53      H                  0.037
    54      H                  0.143
    55      H                  0.147
    56      H                  0.078
    57      H                  0.068
    58      H                  0.073
    59      H                  0.079
    60      H                  0.070
    61      H                  0.075
    62      H                  0.076
    63      H                  0.069
    64      H                  0.066
    65      H                  0.161
    66      H                  0.265
    67      H                  0.173
    68      H                  0.087
    69      H                  0.116
    70      H                  0.099
    71      H                  0.093
    72      H                  0.080
    73      H                  0.095
    74      H                  0.084
    75      H                  0.083
    76      H                  0.085
    77      H                  0.088
    78      H                  0.155
    79      H                  0.089
    80      H                  0.071
    81      H                  0.072
    82      H                  0.087
    83      H                  0.076
    84      H                  0.073
    85      H                  0.080
    86      H                  0.087
    87      H                  0.077
    88      H                  0.070
    89      H                  0.161
 Total Mulliken Charge =      -0.000
 
                  X        Y        Z     TOTAL  
  QM DIPOLE    -1.305   -2.965    2.522    4.105
 
 Final Structure

  QMMM: QM Region Cartesian Coordinates (*=link atom) 
  QMMM: QM_NO.   MM_NO.  ATOM         X         Y         Z
  QMMM:     1        1      C       -1.6394    5.5738   -4.4430
  QMMM:     2        2      C       -1.9493    4.4253   -3.5597
  QMMM:     3        3      C       -3.0239    3.6024   -3.8815
  QMMM:     4        4      C       -3.3483    2.4997   -3.0642
  QMMM:     5        5      O       -4.4299    1.7669   -3.4901
  QMMM:     6        6      C       -4.7899    0.6389   -2.6767
  QMMM:     7        7      C       -5.9926    0.0103   -3.3600
  QMMM:     8        8      C       -6.6018   -1.0802   -2.5063
  QMMM:     9        9      C       -5.7433   -2.3260   -2.4677
  QMMM:    10       10      C       -6.3686   -3.3704   -1.5435
  QMMM:    11       11      N       -5.5985   -4.5883   -1.4598
  QMMM:    12       12      C       -1.9851   -2.2907   -0.1834
  QMMM:    13       13      C       -1.7548   -3.5856    0.5665
  QMMM:    14       14      C       -1.9881   -2.5357   -1.6777
  QMMM:    15       15      C       -3.2826   -1.6455    0.2556
  QMMM:    16       16      C       -2.6024    2.2113   -1.9204
  QMMM:    17       17      C       -1.5228    3.0558   -1.6142
  QMMM:    18       18      C       -1.1720    4.1609   -2.4056
  QMMM:    19       19      C       -0.0283    4.9951   -2.0197
  QMMM:    20       20      O        0.3296    5.9881   -2.6825
  QMMM:    21       21      C        0.6729    4.5883   -0.8007
  QMMM:    22       22      C        1.8000    5.2805   -0.2863
  QMMM:    23       23      O        2.3553    6.3868   -0.8565
  QMMM:    24       24      C        2.4427    4.8566    0.8866
  QMMM:    25       25      C        1.9634    3.7269    1.5676
  QMMM:    26       26      O        2.6603    3.4159    2.7105
  QMMM:    27       27      C        2.2425    2.2705    3.4601
  QMMM:    28       28      C        2.7055    0.9703    2.8303
  QMMM:    29       29      C        4.2042    0.7950    2.9533
  QMMM:    30       30      C        4.7066   -0.4284    2.2192
  QMMM:    31       31      C        4.3630   -1.7177    2.9693
  QMMM:    32       32      N        4.7629   -2.9566    2.3437
  QMMM:    33       33      C        6.0494   -3.5334    2.7617
  QMMM:    34       34      C        5.9678   -4.0711    4.2000
  QMMM:    35       35      C        7.2338   -2.5545    2.6975
  QMMM:    36       36      C        6.3959   -4.7246    1.8473
  QMMM:    37       37      C        0.8555    3.0132    1.0936
  QMMM:    38       38      C        0.2361    3.4619   -0.0793
  QMMM:    39       39      O       -0.8465    2.6901   -0.4626
  QMMM:    40       40      H       -2.3513    5.6315   -5.3020
  QMMM:    41       41      H       -0.5962    5.4817   -4.8406
  QMMM:    42       42      H       -1.6920    6.5301   -3.8620
  QMMM:    43       43      H       -3.6352    3.7972   -4.7751
  QMMM:    44       44      H       -5.0461    0.9926   -1.6435
  QMMM:    45       45      H       -3.9254   -0.0752   -2.6276
  QMMM:    46       46      H       -5.6809   -0.4021   -4.3547
  QMMM:    47       47      H       -6.7575    0.8081   -3.5541
  QMMM:    48       48      H       -7.6113   -1.3406   -2.9231
  QMMM:    49       49      H       -6.7637   -0.6978   -1.4635
  QMMM:    50       50      H       -4.7119   -2.0654   -2.1048
  QMMM:    51       51      H       -5.6371   -2.7467   -3.5016
  QMMM:    52       52      H       -7.3885   -3.6419   -1.9403
  QMMM:    53       53      H       -6.5253   -2.8892   -0.5306
  QMMM:    54       54      H       -4.6532   -4.3985   -1.1882
  QMMM:    55       55      H       -6.0116   -5.2162   -0.7999
  QMMM:    56       56      H       -0.7807   -4.0406    0.2656
  QMMM:    57       57      H       -2.5696   -4.3168    0.3437
  QMMM:    58       58      H       -1.7367   -3.4004    1.6673
  QMMM:    59       59      H       -1.0009   -2.9403   -2.0064
  QMMM:    60       60      H       -2.1838   -1.5835   -2.2282
  QMMM:    61       61      H       -2.7810   -3.2730   -1.9544
  QMMM:    62       62      H       -3.2474   -1.4010    1.3442
  QMMM:    63       63      H       -4.1449   -2.3341    0.0751
  QMMM:    64       64      H       -3.4619   -0.7019   -0.3168
  QMMM:    65       65      H       -2.8251    1.3606   -1.2630
  QMMM:    66       66      H        1.8714    6.6391   -1.6616
  QMMM:    67       67      H        3.3131    5.4092    1.2669
  QMMM:    68       68      H        1.1309    2.2804    3.6020
  QMMM:    69       69      H        2.7484    2.4402    4.4514
  QMMM:    70       70      H        2.4124    0.9534    1.7472
  QMMM:    71       71      H        2.1768    0.1226    3.3401
  QMMM:    72       72      H        4.4869    0.7294    4.0372
  QMMM:    73       73      H        4.7065    1.7081    2.5337
  QMMM:    74       74      H        5.8201   -0.3495    2.1006
  QMMM:    75       75      H        4.2641   -0.4575    1.1887
  QMMM:    76       76      H        3.2391   -1.7741    3.0698
  QMMM:    77       77      H        4.7900   -1.6550    4.0091
  QMMM:    78       78      H        4.7551   -2.8608    1.3448
  QMMM:    79       79      H       -1.1400   -1.5846    0.0579
  QMMM:    80       80      H        5.8107   -3.2431    4.9308
  QMMM:    81       81      H        6.9257   -4.5859    4.4513
  QMMM:    82       82      H        5.1302   -4.8016    4.2988
  QMMM:    83       83      H        7.0839   -1.7067    3.4078
  QMMM:    84       84      H        7.3520   -2.1443    1.6663
  QMMM:    85       85      H        8.1743   -3.0860    2.9771
  QMMM:    86       86      H        5.5852   -5.4907    1.8749
  QMMM:    87       87      H        7.3441   -5.1942    2.2008
  QMMM:    88       88      H        6.5391   -4.3869    0.7933
  QMMM:    89       89      H        0.4647    2.1235    1.6032

           --------- Calculation Completed ----------

